// Jest Snapshot v1, https://goo.gl/fbAQLP

exports[`matches snapshot 1`] = `
<div
  className="App"
>
  <div
    className="wrapper"
  >
    <header
      className="header"
    >
      Repository data for group 37
    </header>
    <div
      className="search"
    >
      <div>
        Loading....
      </div>
    </div>
    <div
      className="toggle"
    >
      <button
        className="MuiButtonBase-root MuiToggleButton-root MuiToggleButton-sizeSmall MuiToggleButton-standard css-1x4vipr-MuiButtonBase-root-MuiToggleButton-root"
        disabled={false}
        id="toggleTheme"
        onBlur={[Function]}
        onClick={[Function]}
        onContextMenu={[Function]}
        onDragLeave={[Function]}
        onFocus={[Function]}
        onKeyDown={[Function]}
        onKeyUp={[Function]}
        onMouseDown={[Function]}
        onMouseLeave={[Function]}
        onMouseUp={[Function]}
        onTouchEnd={[Function]}
        onTouchMove={[Function]}
        onTouchStart={[Function]}
        tabIndex={0}
        type="button"
        value="web"
      >
        light
         mode
      </button>
    </div>
    <div
      className="displayChart"
    >
      <p>
        Perform a search to display data
      </p>
    </div>
  </div>
</div>
`;

exports[`matches snapshot 2`] = `
<canvas
  data-testid="canvas"
  height={150}
  id="barChart"
  onClick={[Function]}
  role="img"
  width={300}
/>
`;

exports[`renders linechart correctly 1`] = `[Function]`;
